// Jest Snapshot v1, https://goo.gl/fbAQLP

exports[`<PropAttributes /> with no attributes snapshot 1`] = `
<div>
  No renderProp provided
</div>
`;
