// Jest Snapshot v1, https://goo.gl/fbAQLP

exports[`withStyles 1`] = `
<div>
  Hello
</div>
`;
